error[E0080]: evaluation of constant value failed
  --> fail/interface/trait/missing_field.rs:11:8
   |
11 |     fn id(&self) -> &str;
   |        ^^ the evaluated program panicked at 'Failed to implement interface `Character` on `ObjA`: Field `id` isn't implemented on `ObjA`.', $DIR/fail/interface/trait/missing_field.rs:11:8
   |
   = note: this error originates in the macro `$crate::panic::panic_2015` (in Nightly builds, run with -Z macro-backtrace for more info)

error[E0080]: erroneous constant used
  --> fail/interface/trait/missing_field.rs:11:8
   |
11 |     fn id(&self) -> &str;
   |        ^^ referenced constant has errors
   |
   = note: this error originates in the macro `$crate::assert_field_args` (in Nightly builds, run with -Z macro-backtrace for more info)

error[E0080]: erroneous constant used
  --> fail/interface/trait/missing_field.rs:11:8
   |
11 |     fn id(&self) -> &str;
   |        ^^ referenced constant has errors
   |
   = note: this error originates in the macro `$crate::assert_field_args` (in Nightly builds, run with -Z macro-backtrace for more info)

error[E0080]: evaluation of constant value failed
  --> fail/interface/trait/missing_field.rs:11:8
   |
11 |     fn id(&self) -> &str;
   |        ^^ the evaluated program panicked at 'Failed to implement interface `Character` on `ObjA`: Field `id` isn't implemented on `ObjA`.', $DIR/fail/interface/trait/missing_field.rs:11:8
   |
   = note: this error originates in the macro `$crate::panic::panic_2015` (in Nightly builds, run with -Z macro-backtrace for more info)

error[E0080]: evaluation of constant value failed
  --> fail/interface/trait/missing_field.rs:11:8
   |
11 |     fn id(&self) -> &str;
   |        ^^ the evaluated program panicked at 'Failed to implement interface `Character` on `ObjA`: Field `id` isn't implemented on `ObjA`.', $DIR/fail/interface/trait/missing_field.rs:11:8
   |
   = note: this error originates in the macro `$crate::panic::panic_2015` (in Nightly builds, run with -Z macro-backtrace for more info)

error[E0080]: erroneous constant used
  --> fail/interface/trait/missing_field.rs:11:8
   |
11 |     fn id(&self) -> &str;
   |        ^^ referenced constant has errors
   |
   = note: this error originates in the macro `$crate::assert_field_args` (in Nightly builds, run with -Z macro-backtrace for more info)

error[E0080]: erroneous constant used
  --> fail/interface/trait/missing_field.rs:11:8
   |
11 |     fn id(&self) -> &str;
   |        ^^ referenced constant has errors
   |
   = note: this error originates in the macro `$crate::assert_field_args` (in Nightly builds, run with -Z macro-backtrace for more info)

error[E0080]: evaluation of constant value failed
  --> fail/interface/trait/missing_field.rs:11:8
   |
11 |     fn id(&self) -> &str;
   |        ^^ the evaluated program panicked at 'Failed to implement interface `Character` on `ObjA`: Field `id` isn't implemented on `ObjA`.', $DIR/fail/interface/trait/missing_field.rs:11:8
   |
   = note: this error originates in the macro `$crate::panic::panic_2015` (in Nightly builds, run with -Z macro-backtrace for more info)
