error[E0080]: evaluation of constant value failed
  --> fail/interface/trait/wrong_argument_type.rs:16:8
   |
16 |     fn id(&self, is_present: bool) -> &str;
   |        ^^ the evaluated program panicked at 'Failed to implement interface `Character` on `ObjA`: Field `id`: Argument `isPresent`: expected type `Boolean!`, found: `Int!`.', $DIR/fail/interface/trait/wrong_argument_type.rs:16:8
   |
   = note: this error originates in the macro `$crate::panic::panic_2015` (in Nightly builds, run with -Z macro-backtrace for more info)

error[E0080]: evaluation of constant value failed
  --> fail/interface/trait/wrong_argument_type.rs:16:8
   |
16 |     fn id(&self, is_present: bool) -> &str;
   |        ^^ the evaluated program panicked at 'Failed to implement interface `Character` on `ObjA`: Field `id`: Argument `isPresent`: expected type `Boolean!`, found: `Int!`.', $DIR/fail/interface/trait/wrong_argument_type.rs:16:8
   |
   = note: this error originates in the macro `$crate::panic::panic_2015` (in Nightly builds, run with -Z macro-backtrace for more info)
