error: All types and directives defined within a schema must not have a name which begins with `__` (two underscores), as this is used exclusively by GraphQLâ€™s introspection system.
 --> fail/object/argument_double_underscored.rs:7:18
  |
7 |     fn id(&self, __num: i32) -> &str {
  |                  ^^^^^
  |
  = note: https://spec.graphql.org/June2018/#sec-Schema
