error: All types and directives defined within a schema must not have a name which begins with `__` (two underscores), as this is used exclusively by GraphQLâ€™s introspection system.
       Â· note: https://spec.graphql.org/October2021#sec-Schema
 --> fail/union/enum_name_double_underscored.rs:4:6
  |
4 | enum __Character {
  |      ^^^^^^^^^^^
