error: duplicated attribute argument found
 --> fail/union/struct_same_type_pretty.rs:5:14
  |
5 | #[graphql(on i32 = Character::b)]
  |              ^^^
