error: GraphQL interface must have at least one field
       Â· note: https://spec.graphql.org/October2021#sec-Interfaces
 --> fail/interface/struct/attr_no_fields.rs:4:1
  |
4 | struct Character {}
  | ^^^^^^
