error: GraphQL interface must have at least one field
 --> fail/interface/struct/derive_no_fields.rs:4:1
  |
4 | struct Character {}
  | ^^^^^^^^^^^^^^^^^^^
  |
  = note: https://spec.graphql.org/June2018/#sec-Interfaces
